// Jest Snapshot v1, https://goo.gl/fbAQLP

exports[`LogParser handles random sample of events 1`] = `
Array [
  Object {
    "advancedCombatLogEnabledKey": "ADVANCED_LOG_ENABLED",
    "advancedCombatLogEnabledValue": "1",
    "buildVersionKey": "BUILD_VERSION",
    "buildVersionValue": "9.2.5",
    "combatLogVersionKey": "COMBAT_LOG_VERSION",
    "combatLogVersionValue": "19",
    "date": "7/13 19:45:07.057",
    "event": "COMBAT_LOG_VERSION",
    "projectIdKey": "PROJECT_ID",
    "projectIdValue": "1",
    "timestamp": "-1",
  },
  Object {
    "date": "7/31 19:39:35.921",
    "difficultyId": "16",
    "encounterId": "2398",
    "encounterName": "\\"Shriekwing\\"",
    "event": "ENCOUNTER_START",
    "groupSize": "20",
    "instanceId": "2296",
    "timestamp": "0",
  },
  Object {
    "agility": "372",
    "armor": "519",
    "avoidance": "30",
    "block": "0",
    "borrowedPowerInfo": "[4,4,[],[(1128),(1122),(1123),(1124),(1126),(1129),(1135),(1136),(1819),(1821),(1823),(1824)],[(283,278),(107,278),(72,278),(113,278),(114,278),(69,278)]]",
    "critMelee": "218",
    "critRanged": "218",
    "critSpell": "218",
    "date": "7/31 19:39:35.921",
    "dodge": "0",
    "event": "COMBATANT_INFO",
    "faction": "0",
    "gearInfo": Object {
      "back": Object {
        "bonusIDs": Array [
          7800,
          8138,
          6652,
          7359,
          1498,
        ],
        "enchantInfo": Array [
          6203,
          0,
          0,
        ],
        "gemInfo": Array [],
        "itemId": 188882,
        "itemLevel": 278,
      },
      "chest": Object {
        "bonusIDs": Array [
          7359,
          6652,
          8153,
          7772,
          1498,
          6646,
        ],
        "enchantInfo": Array [
          6230,
          6225,
          0,
        ],
        "gemInfo": Array [],
        "itemId": 188875,
        "itemLevel": 278,
      },
      "feet": Object {
        "bonusIDs": Array [
          7187,
          8132,
          8137,
          6652,
          1524,
          6646,
        ],
        "enchantInfo": Array [],
        "gemInfo": Array [],
        "itemId": 189823,
        "itemLevel": 278,
      },
      "finger1": Object {
        "bonusIDs": Array [
          7359,
          6652,
          7798,
          1586,
          6646,
          7580,
        ],
        "enchantInfo": Array [
          6166,
          0,
          0,
        ],
        "gemInfo": Array [
          173128,
          120,
        ],
        "itemId": 179355,
        "itemLevel": 272,
      },
      "finger2": Object {
        "bonusIDs": Array [
          7189,
          6652,
          7580,
          1498,
          6646,
        ],
        "enchantInfo": Array [
          6166,
          0,
          0,
        ],
        "gemInfo": Array [
          173128,
          120,
        ],
        "itemId": 189839,
        "itemLevel": 252,
      },
      "hands": Object {
        "bonusIDs": Array [
          8117,
          6652,
          7187,
          8095,
          8154,
          1498,
        ],
        "enchantInfo": Array [],
        "gemInfo": Array [],
        "itemId": 188881,
        "itemLevel": 278,
      },
      "head": Object {
        "bonusIDs": Array [
          6982,
          6649,
          6648,
          6935,
          8156,
          7882,
          1588,
        ],
        "enchantInfo": Array [],
        "gemInfo": Array [
          173128,
          120,
        ],
        "itemId": 173245,
        "itemLevel": 291,
      },
      "legs": Object {
        "bonusIDs": Array [
          7772,
          8116,
          6652,
          7359,
          8155,
          1498,
        ],
        "enchantInfo": Array [],
        "gemInfo": Array [],
        "itemId": 188878,
        "itemLevel": 278,
      },
      "main_hand": Object {
        "bonusIDs": Array [
          7187,
          6652,
          1524,
          6646,
        ],
        "enchantInfo": Array [
          6228,
          6188,
          0,
        ],
        "gemInfo": Array [],
        "itemId": 189852,
        "itemLevel": 285,
      },
      "neck": Object {
        "bonusIDs": Array [
          6652,
          7580,
          7749,
          7798,
          3151,
          6646,
        ],
        "enchantInfo": Array [],
        "gemInfo": Array [
          173128,
          120,
        ],
        "itemId": 137535,
        "itemLevel": 272,
      },
      "off_hand": Object {
        "bonusIDs": Array [
          7187,
          6652,
          1524,
          6646,
        ],
        "enchantInfo": Array [],
        "gemInfo": Array [],
        "itemId": 189860,
        "itemLevel": 285,
      },
      "relic": Object {
        "bonusIDs": Array [],
        "enchantInfo": Array [],
        "gemInfo": Array [],
        "itemId": 0,
        "itemLevel": 0,
      },
      "shirt": Object {
        "bonusIDs": Array [],
        "enchantInfo": Array [],
        "gemInfo": Array [],
        "itemId": 0,
        "itemLevel": 0,
      },
      "shoulder": Object {
        "bonusIDs": Array [
          7187,
          6652,
          8152,
          1505,
          6646,
        ],
        "enchantInfo": Array [],
        "gemInfo": Array [],
        "itemId": 188879,
        "itemLevel": 285,
      },
      "trinket1": Object {
        "bonusIDs": Array [
          7786,
          7359,
          6652,
          1592,
          6646,
          6917,
        ],
        "enchantInfo": Array [],
        "gemInfo": Array [],
        "itemId": 178708,
        "itemLevel": 278,
      },
      "trinket2": Object {
        "bonusIDs": Array [
          7786,
          7359,
          6652,
          1592,
          6646,
        ],
        "enchantInfo": Array [],
        "gemInfo": Array [],
        "itemId": 178809,
        "itemLevel": 278,
      },
      "waist": Object {
        "bonusIDs": Array [
          8126,
          7882,
          8156,
          6649,
          6648,
          1588,
          6935,
        ],
        "enchantInfo": Array [],
        "gemInfo": Array [
          173128,
          120,
        ],
        "itemId": 173248,
        "itemLevel": 291,
      },
      "wrist": Object {
        "bonusIDs": Array [
          7800,
          8138,
          6652,
          7580,
          7359,
          1498,
        ],
        "enchantInfo": Array [
          6220,
          0,
          0,
        ],
        "gemInfo": Array [
          173128,
          120,
        ],
        "itemId": 188876,
        "itemLevel": 278,
      },
    },
    "hasteMelee": "1120",
    "hasteRanged": "1120",
    "hasteSpell": "1120",
    "intellect": "2555",
    "interestingAuras": "[Player-1305-08EB431A,21562,Player-1305-08EB431A,308488,Player-1305-08EB431A,367405,Player-1305-08EB431A,307185,Player-1305-08EB431A,368845]",
    "leech": "0",
    "mastery": "982",
    "parry": "0",
    "pvpTalentInfo": Array [
      "0",
      "213602",
      "341167",
      "211522",
    ],
    "sourceGuid": "Player-1305-08EB431A",
    "specId": "258",
    "speed": "93",
    "stamina": "3767",
    "strength": "263",
    "talentInfo": Array [
      "193195",
      "64129",
      "109142",
      "263716",
      "155271",
      "200174",
      "345218",
    ],
    "timestamp": "0",
    "versatilityDamageDone": "275",
    "versatilityDamageTaken": "275",
    "versatilityHealingDone": "275",
  },
  Object {
    "agility": "347",
    "armor": "514",
    "avoidance": "81",
    "block": "0",
    "borrowedPowerInfo": "[2,3,[],[(824),(832),(834),(836),(830),(827),(837),(870),(1843),(1845),(1847),(1848)],[(222,278),(204,278),(205,278),(283,278),(206,278),(171,278)]]",
    "critMelee": "562",
    "critRanged": "562",
    "critSpell": "562",
    "date": "7/31 19:39:35.921",
    "dodge": "0",
    "event": "COMBATANT_INFO",
    "faction": "0",
    "gearInfo": Object {
      "back": Object {
        "bonusIDs": Array [
          7187,
          8132,
          8138,
          6652,
          1524,
          6646,
        ],
        "enchantInfo": Array [
          6203,
          0,
          0,
        ],
        "gemInfo": Array [],
        "itemId": 189815,
        "itemLevel": 278,
      },
      "chest": Object {
        "bonusIDs": Array [
          7772,
          8116,
          6652,
          7359,
          8153,
          1498,
        ],
        "enchantInfo": Array [
          6230,
          6225,
          0,
        ],
        "gemInfo": Array [],
        "itemId": 188884,
        "itemLevel": 278,
      },
      "feet": Object {
        "bonusIDs": Array [
          7187,
          8132,
          8137,
          6652,
          1524,
          6646,
        ],
        "enchantInfo": Array [],
        "gemInfo": Array [],
        "itemId": 189823,
        "itemLevel": 278,
      },
      "finger1": Object {
        "bonusIDs": Array [
          7187,
          40,
          1524,
          6646,
          7580,
        ],
        "enchantInfo": Array [
          6168,
          0,
          0,
        ],
        "gemInfo": Array [
          173130,
          120,
        ],
        "itemId": 189772,
        "itemLevel": 278,
      },
      "finger2": Object {
        "bonusIDs": Array [
          7025,
          6649,
          6648,
          6935,
          8156,
          7882,
          1588,
        ],
        "enchantInfo": Array [
          6168,
          0,
          0,
        ],
        "gemInfo": Array [
          173130,
          120,
        ],
        "itemId": 178926,
        "itemLevel": 291,
      },
      "hands": Object {
        "bonusIDs": Array [
          7359,
          6652,
          8154,
          7786,
          1498,
          6646,
        ],
        "enchantInfo": Array [
          6205,
          0,
          0,
        ],
        "gemInfo": Array [],
        "itemId": 188890,
        "itemLevel": 278,
      },
      "head": Object {
        "bonusIDs": Array [
          7772,
          8116,
          6652,
          7359,
          8151,
          1498,
          7580,
        ],
        "enchantInfo": Array [],
        "gemInfo": Array [
          173130,
          120,
        ],
        "itemId": 188889,
        "itemLevel": 278,
      },
      "legs": Object {
        "bonusIDs": Array [
          7187,
          6652,
          8155,
          1498,
          6646,
        ],
        "enchantInfo": Array [],
        "gemInfo": Array [],
        "itemId": 188887,
        "itemLevel": 278,
      },
      "main_hand": Object {
        "bonusIDs": Array [
          7187,
          6652,
          1524,
          6646,
        ],
        "enchantInfo": Array [
          6229,
          6188,
          0,
        ],
        "gemInfo": Array [],
        "itemId": 189789,
        "itemLevel": 278,
      },
      "neck": Object {
        "bonusIDs": Array [
          7800,
          7359,
          6652,
          1592,
          6646,
          7580,
        ],
        "enchantInfo": Array [],
        "gemInfo": Array [
          173130,
          120,
        ],
        "itemId": 180115,
        "itemLevel": 278,
      },
      "off_hand": Object {
        "bonusIDs": Array [],
        "enchantInfo": Array [],
        "gemInfo": Array [],
        "itemId": 0,
        "itemLevel": 0,
      },
      "relic": Object {
        "bonusIDs": Array [],
        "enchantInfo": Array [],
        "gemInfo": Array [],
        "itemId": 190611,
        "itemLevel": 1,
      },
      "shirt": Object {
        "bonusIDs": Array [],
        "enchantInfo": Array [],
        "gemInfo": Array [],
        "itemId": 0,
        "itemLevel": 0,
      },
      "shoulder": Object {
        "bonusIDs": Array [
          7359,
          6652,
          8152,
          7786,
          1498,
          6646,
        ],
        "enchantInfo": Array [],
        "gemInfo": Array [],
        "itemId": 188888,
        "itemLevel": 278,
      },
      "trinket1": Object {
        "bonusIDs": Array [
          7187,
          6652,
          1524,
          6646,
        ],
        "enchantInfo": Array [],
        "gemInfo": Array [],
        "itemId": 188270,
        "itemLevel": 278,
      },
      "trinket2": Object {
        "bonusIDs": Array [
          6652,
          7187,
          1524,
          6646,
        ],
        "enchantInfo": Array [],
        "gemInfo": Array [],
        "itemId": 188271,
        "itemLevel": 278,
      },
      "waist": Object {
        "bonusIDs": Array [
          8129,
          7882,
          8156,
          6649,
          6648,
          1588,
          6935,
        ],
        "enchantInfo": Array [],
        "gemInfo": Array [
          173130,
          120,
        ],
        "itemId": 173248,
        "itemLevel": 291,
      },
      "wrist": Object {
        "bonusIDs": Array [
          7187,
          6652,
          8132,
          8138,
          1524,
          6646,
          7580,
        ],
        "enchantInfo": Array [
          6220,
          0,
          0,
        ],
        "gemInfo": Array [
          173130,
          120,
        ],
        "itemId": 189842,
        "itemLevel": 285,
      },
    },
    "hasteMelee": "985",
    "hasteRanged": "985",
    "hasteSpell": "985",
    "intellect": "2500",
    "interestingAuras": "[Player-1305-08EB431A,21562,Player-1305-0A579F87,307185,Player-1305-0A579F87,367405,Player-1305-0A579F87,308506]",
    "leech": "0",
    "mastery": "766",
    "parry": "0",
    "pvpTalentInfo": Array [
      "0",
      "212628",
      "221711",
      "212295",
    ],
    "sourceGuid": "Player-1305-0A579F87",
    "specId": "266",
    "speed": "0",
    "stamina": "4162",
    "strength": "168",
    "talentInfo": Array [
      "264078",
      "205145",
      "108416",
      "267170",
      "6789",
      "111898",
      "267215",
    ],
    "timestamp": "0",
    "versatilityDamageDone": "368",
    "versatilityDamageTaken": "368",
    "versatilityHealingDone": "368",
  },
  Object {
    "agility": "447",
    "armor": "2082",
    "avoidance": "80",
    "block": "0",
    "borrowedPowerInfo": "[4,4,[],[(1124),(1127),(1133),(1821),(1122),(1123),(1128),(1130),(1136),(1819),(1823),(1824)],[(95,278),(104,278),(283,278),(93,278),(147,265),(98,278)]]",
    "critMelee": "325",
    "critRanged": "325",
    "critSpell": "325",
    "date": "7/31 19:39:35.921",
    "dodge": "0",
    "event": "COMBATANT_INFO",
    "faction": "0",
    "gearInfo": Object {
      "back": Object {
        "bonusIDs": Array [
          7800,
          8136,
          8138,
          7359,
          6652,
          1592,
          6646,
        ],
        "enchantInfo": Array [
          6203,
          0,
          0,
        ],
        "gemInfo": Array [],
        "itemId": 178755,
        "itemLevel": 278,
      },
      "chest": Object {
        "bonusIDs": Array [
          7359,
          6652,
          8153,
          7772,
          1498,
          6646,
        ],
        "enchantInfo": Array [
          6230,
          0,
          0,
        ],
        "gemInfo": Array [],
        "itemId": 188922,
        "itemLevel": 278,
      },
      "feet": Object {
        "bonusIDs": Array [
          6992,
          7882,
          8156,
          6649,
          6650,
          1588,
        ],
        "enchantInfo": Array [],
        "gemInfo": Array [],
        "itemId": 172323,
        "itemLevel": 291,
      },
      "finger1": Object {
        "bonusIDs": Array [
          7359,
          6652,
          7580,
          7798,
          1586,
          6646,
        ],
        "enchantInfo": Array [
          6170,
          0,
          0,
        ],
        "gemInfo": Array [
          173129,
          120,
        ],
        "itemId": 178781,
        "itemLevel": 272,
      },
      "finger2": Object {
        "bonusIDs": Array [
          7800,
          7359,
          6652,
          7578,
          1592,
          6646,
        ],
        "enchantInfo": Array [
          6170,
          0,
          0,
        ],
        "gemInfo": Array [],
        "itemId": 178824,
        "itemLevel": 278,
      },
      "hands": Object {
        "bonusIDs": Array [
          8117,
          6652,
          7359,
          8154,
          7784,
          1492,
          6646,
        ],
        "enchantInfo": Array [],
        "gemInfo": Array [],
        "itemId": 188925,
        "itemLevel": 272,
      },
      "head": Object {
        "bonusIDs": Array [
          6652,
          7772,
          7359,
          8151,
          1498,
          7580,
        ],
        "enchantInfo": Array [],
        "gemInfo": Array [
          173129,
          120,
        ],
        "itemId": 188923,
        "itemLevel": 278,
      },
      "legs": Object {
        "bonusIDs": Array [
          7772,
          8116,
          6652,
          7359,
          8155,
          1498,
        ],
        "enchantInfo": Array [],
        "gemInfo": Array [],
        "itemId": 188924,
        "itemLevel": 278,
      },
      "main_hand": Object {
        "bonusIDs": Array [
          7856,
          7359,
          6652,
          1592,
          6646,
        ],
        "enchantInfo": Array [
          6229,
          0,
          0,
        ],
        "gemInfo": Array [],
        "itemId": 178753,
        "itemLevel": 278,
      },
      "neck": Object {
        "bonusIDs": Array [
          7359,
          40,
          7798,
          1589,
          6646,
          7580,
        ],
        "enchantInfo": Array [],
        "gemInfo": Array [
          173129,
          120,
        ],
        "itemId": 185820,
        "itemLevel": 272,
      },
      "off_hand": Object {
        "bonusIDs": Array [
          7359,
          6652,
          7840,
          1586,
          6646,
        ],
        "enchantInfo": Array [],
        "gemInfo": Array [],
        "itemId": 178712,
        "itemLevel": 272,
      },
      "relic": Object {
        "bonusIDs": Array [],
        "enchantInfo": Array [],
        "gemInfo": Array [],
        "itemId": 0,
        "itemLevel": 0,
      },
      "shirt": Object {
        "bonusIDs": Array [],
        "enchantInfo": Array [],
        "gemInfo": Array [],
        "itemId": 4344,
        "itemLevel": 1,
      },
      "shoulder": Object {
        "bonusIDs": Array [
          6652,
          7359,
          7786,
          8152,
          1498,
        ],
        "enchantInfo": Array [],
        "gemInfo": Array [],
        "itemId": 188920,
        "itemLevel": 278,
      },
      "trinket1": Object {
        "bonusIDs": Array [
          7359,
          6652,
          7784,
          1586,
          6646,
          6917,
        ],
        "enchantInfo": Array [],
        "gemInfo": Array [],
        "itemId": 178708,
        "itemLevel": 272,
      },
      "trinket2": Object {
        "bonusIDs": Array [
          7359,
          6652,
          7784,
          1589,
          6646,
        ],
        "enchantInfo": Array [],
        "gemInfo": Array [],
        "itemId": 190958,
        "itemLevel": 272,
      },
      "waist": Object {
        "bonusIDs": Array [
          8128,
          7882,
          8156,
          6649,
          6650,
          1588,
          6935,
        ],
        "enchantInfo": Array [],
        "gemInfo": Array [
          173128,
          120,
        ],
        "itemId": 172328,
        "itemLevel": 291,
      },
      "wrist": Object {
        "bonusIDs": Array [
          7800,
          8136,
          8138,
          7359,
          6652,
          7580,
          1592,
          6646,
        ],
        "enchantInfo": Array [
          6220,
          0,
          0,
        ],
        "gemInfo": Array [
          173129,
          120,
        ],
        "itemId": 178767,
        "itemLevel": 278,
      },
    },
    "hasteMelee": "916",
    "hasteRanged": "916",
    "hasteSpell": "916",
    "intellect": "2454",
    "interestingAuras": "[Player-3674-081174A8,307185,Player-3674-081174A8,308488,Player-1305-08EB431A,21562]",
    "leech": "0",
    "mastery": "590",
    "parry": "0",
    "pvpTalentInfo": Array [
      "0",
      "0",
      "0",
      "0",
    ],
    "sourceGuid": "Player-3674-081174A8",
    "specId": "262",
    "speed": "0",
    "stamina": "3691",
    "strength": "196",
    "talentInfo": Array [
      "333919",
      "117014",
      "260878",
      "16166",
      "108281",
      "117013",
      "114050",
    ],
    "timestamp": "0",
    "versatilityDamageDone": "887",
    "versatilityDamageTaken": "887",
    "versatilityHealingDone": "887",
  },
  Object {
    "agility": "155",
    "armor": "2647",
    "avoidance": "58",
    "block": "0",
    "borrowedPowerInfo": "[9,2,[],[(1546),(1547),(1548),(1554),(1559),(1872),(1876),(1549),(1551),(1552),(1877),(1874)],[(284,265),(159,265),(215,265),(194,265),(283,265),(133,265)]]",
    "critMelee": "440",
    "critRanged": "440",
    "critSpell": "440",
    "date": "7/31 19:39:35.921",
    "dodge": "0",
    "event": "COMBATANT_INFO",
    "faction": "0",
    "gearInfo": Object {
      "back": Object {
        "bonusIDs": Array [
          7800,
          8136,
          8138,
          7359,
          6652,
          1595,
          6646,
        ],
        "enchantInfo": Array [
          6204,
          0,
          0,
        ],
        "gemInfo": Array [],
        "itemId": 185781,
        "itemLevel": 278,
      },
      "chest": Object {
        "bonusIDs": Array [
          7187,
          6652,
          8153,
          1505,
          6646,
        ],
        "enchantInfo": Array [
          6230,
          0,
          0,
        ],
        "gemInfo": Array [],
        "itemId": 188929,
        "itemLevel": 285,
      },
      "feet": Object {
        "bonusIDs": Array [
          7786,
          8136,
          8137,
          7359,
          6652,
          1592,
          6646,
        ],
        "enchantInfo": Array [
          6207,
          0,
          0,
        ],
        "gemInfo": Array [],
        "itemId": 179338,
        "itemLevel": 278,
      },
      "finger1": Object {
        "bonusIDs": Array [
          7128,
          6649,
          6648,
          6935,
          8156,
          7882,
          1588,
        ],
        "enchantInfo": Array [
          6166,
          0,
          0,
        ],
        "gemInfo": Array [
          173128,
          120,
        ],
        "itemId": 178926,
        "itemLevel": 291,
      },
      "finger2": Object {
        "bonusIDs": Array [
          7800,
          7359,
          41,
          1592,
          6646,
          7580,
        ],
        "enchantInfo": Array [
          6166,
          0,
          0,
        ],
        "gemInfo": Array [
          173128,
          120,
        ],
        "itemId": 178933,
        "itemLevel": 278,
      },
      "hands": Object {
        "bonusIDs": Array [
          8117,
          7784,
          6652,
          7359,
          8154,
          1492,
        ],
        "enchantInfo": Array [
          6210,
          0,
          0,
        ],
        "gemInfo": Array [],
        "itemId": 188928,
        "itemLevel": 272,
      },
      "head": Object {
        "bonusIDs": Array [
          7359,
          6652,
          7579,
          8151,
          7772,
          1498,
          6646,
        ],
        "enchantInfo": Array [],
        "gemInfo": Array [],
        "itemId": 188933,
        "itemLevel": 278,
      },
      "legs": Object {
        "bonusIDs": Array [
          7359,
          6652,
          8155,
          7772,
          1498,
          6646,
        ],
        "enchantInfo": Array [],
        "gemInfo": Array [],
        "itemId": 188931,
        "itemLevel": 278,
      },
      "main_hand": Object {
        "bonusIDs": Array [
          7856,
          7359,
          6652,
          1592,
          6646,
        ],
        "enchantInfo": Array [
          6229,
          0,
          0,
        ],
        "gemInfo": Array [],
        "itemId": 178856,
        "itemLevel": 278,
      },
      "neck": Object {
        "bonusIDs": Array [
          8125,
          7882,
          8156,
          6649,
          6648,
          1588,
          6935,
        ],
        "enchantInfo": Array [],
        "gemInfo": Array [
          173128,
          120,
        ],
        "itemId": 178927,
        "itemLevel": 291,
      },
      "off_hand": Object {
        "bonusIDs": Array [
          7359,
          6652,
          7840,
          1586,
          6646,
        ],
        "enchantInfo": Array [],
        "gemInfo": Array [],
        "itemId": 178712,
        "itemLevel": 272,
      },
      "relic": Object {
        "bonusIDs": Array [],
        "enchantInfo": Array [],
        "gemInfo": Array [],
        "itemId": 69210,
        "itemLevel": 1,
      },
      "shirt": Object {
        "bonusIDs": Array [],
        "enchantInfo": Array [],
        "gemInfo": Array [],
        "itemId": 3428,
        "itemLevel": 1,
      },
      "shoulder": Object {
        "bonusIDs": Array [
          7786,
          8136,
          8117,
          7359,
          40,
          1592,
          6646,
        ],
        "enchantInfo": Array [],
        "gemInfo": Array [],
        "itemId": 178697,
        "itemLevel": 278,
      },
      "trinket1": Object {
        "bonusIDs": Array [
          7188,
          41,
          1511,
          6646,
        ],
        "enchantInfo": Array [],
        "gemInfo": Array [],
        "itemId": 188270,
        "itemLevel": 265,
      },
      "trinket2": Object {
        "bonusIDs": Array [
          7359,
          6652,
          7784,
          1586,
          6646,
          6918,
        ],
        "enchantInfo": Array [],
        "gemInfo": Array [],
        "itemId": 178708,
        "itemLevel": 272,
      },
      "waist": Object {
        "bonusIDs": Array [
          7786,
          8136,
          8137,
          7359,
          6652,
          7579,
          1592,
          6646,
        ],
        "enchantInfo": Array [],
        "gemInfo": Array [],
        "itemId": 178931,
        "itemLevel": 278,
      },
      "wrist": Object {
        "bonusIDs": Array [
          7800,
          8136,
          8138,
          7359,
          6652,
          7580,
          1592,
          6646,
        ],
        "enchantInfo": Array [
          6220,
          0,
          0,
        ],
        "gemInfo": Array [
          173128,
          120,
        ],
        "itemId": 178807,
        "itemLevel": 278,
      },
    },
    "hasteMelee": "893",
    "hasteRanged": "893",
    "hasteSpell": "893",
    "intellect": "2354",
    "interestingAuras": "[Player-1305-049858B6,340458,Player-1305-049858B6,156910,Player-1305-08EB431A,21562]",
    "leech": "136",
    "mastery": "917",
    "parry": "0",
    "pvpTalentInfo": Array [
      "0",
      "199454",
      "199452",
      "210294",
    ],
    "sourceGuid": "Player-1305-049858B6",
    "specId": "65",
    "speed": "0",
    "stamina": "3806",
    "strength": "452",
    "talentInfo": Array [
      "114158",
      "183778",
      "115750",
      "114154",
      "223817",
      "248033",
      "156910",
    ],
    "timestamp": "0",
    "versatilityDamageDone": "356",
    "versatilityDamageTaken": "356",
    "versatilityHealingDone": "356",
  },
  Object {
    "agility": "1981",
    "armor": "1191",
    "avoidance": "107",
    "block": "0",
    "borrowedPowerInfo": "[2,3,[],[(827),(824),(830),(836),(832),(834),(837),(1843),(1845),(1847),(870),(1848)],[(192,278),(140,278),(157,278),(188,278),(178,278),(173,278)]]",
    "critMelee": "941",
    "critRanged": "941",
    "critSpell": "941",
    "date": "7/31 19:39:35.921",
    "dodge": "0",
    "event": "COMBATANT_INFO",
    "faction": "0",
    "gearInfo": Object {
      "back": Object {
        "bonusIDs": Array [
          7800,
          8136,
          8138,
          7359,
          6652,
          1592,
          6646,
        ],
        "enchantInfo": Array [
          6203,
          0,
          0,
        ],
        "gemInfo": Array [],
        "itemId": 180123,
        "itemLevel": 278,
      },
      "chest": Object {
        "bonusIDs": Array [
          7188,
          6652,
          8153,
          1492,
          6646,
        ],
        "enchantInfo": Array [
          6230,
          6225,
          0,
        ],
        "gemInfo": Array [],
        "itemId": 188858,
        "itemLevel": 272,
      },
      "feet": Object {
        "bonusIDs": Array [
          7786,
          8136,
          8137,
          7359,
          43,
          1592,
          6646,
        ],
        "enchantInfo": Array [
          6211,
          0,
          0,
        ],
        "gemInfo": Array [],
        "itemId": 178796,
        "itemLevel": 278,
      },
      "finger1": Object {
        "bonusIDs": Array [
          7187,
          6652,
          7579,
          1524,
          6646,
        ],
        "enchantInfo": Array [
          6168,
          0,
          0,
        ],
        "gemInfo": Array [],
        "itemId": 189854,
        "itemLevel": 285,
      },
      "finger2": Object {
        "bonusIDs": Array [
          8122,
          7882,
          8156,
          6647,
          6648,
          1588,
          6935,
        ],
        "enchantInfo": Array [
          6168,
          0,
          0,
        ],
        "gemInfo": Array [
          173130,
          120,
        ],
        "itemId": 178926,
        "itemLevel": 291,
      },
      "hands": Object {
        "bonusIDs": Array [
          7187,
          42,
          8154,
          1498,
          6646,
        ],
        "enchantInfo": Array [],
        "gemInfo": Array [],
        "itemId": 188861,
        "itemLevel": 278,
      },
      "head": Object {
        "bonusIDs": Array [
          7187,
          40,
          7579,
          8132,
          8116,
          1524,
          6646,
        ],
        "enchantInfo": Array [],
        "gemInfo": Array [],
        "itemId": 189775,
        "itemLevel": 278,
      },
      "legs": Object {
        "bonusIDs": Array [
          7772,
          8116,
          6652,
          7359,
          8155,
          1498,
        ],
        "enchantInfo": Array [],
        "gemInfo": Array [],
        "itemId": 188860,
        "itemLevel": 278,
      },
      "main_hand": Object {
        "bonusIDs": Array [
          7828,
          7359,
          6652,
          1592,
          6646,
        ],
        "enchantInfo": Array [
          6195,
          6188,
          0,
        ],
        "gemInfo": Array [],
        "itemId": 180112,
        "itemLevel": 278,
      },
      "neck": Object {
        "bonusIDs": Array [
          7960,
          7881,
        ],
        "enchantInfo": Array [],
        "gemInfo": Array [
          173130,
          120,
        ],
        "itemId": 173145,
        "itemLevel": 262,
      },
      "off_hand": Object {
        "bonusIDs": Array [],
        "enchantInfo": Array [],
        "gemInfo": Array [],
        "itemId": 0,
        "itemLevel": 0,
      },
      "relic": Object {
        "bonusIDs": Array [],
        "enchantInfo": Array [],
        "gemInfo": Array [],
        "itemId": 45581,
        "itemLevel": 1,
      },
      "shirt": Object {
        "bonusIDs": Array [],
        "enchantInfo": Array [],
        "gemInfo": Array [],
        "itemId": 0,
        "itemLevel": 0,
      },
      "shoulder": Object {
        "bonusIDs": Array [
          8117,
          7784,
          6652,
          7359,
          8152,
          1492,
        ],
        "enchantInfo": Array [],
        "gemInfo": Array [],
        "itemId": 188856,
        "itemLevel": 272,
      },
      "trinket1": Object {
        "bonusIDs": Array [
          7786,
          7359,
          41,
          1592,
          6646,
        ],
        "enchantInfo": Array [],
        "gemInfo": Array [],
        "itemId": 180116,
        "itemLevel": 278,
      },
      "trinket2": Object {
        "bonusIDs": Array [
          6652,
          7188,
          1511,
          6646,
        ],
        "enchantInfo": Array [],
        "gemInfo": Array [],
        "itemId": 188271,
        "itemLevel": 265,
      },
      "waist": Object {
        "bonusIDs": Array [
          7187,
          6652,
          7579,
          8132,
          8137,
          1524,
          6646,
        ],
        "enchantInfo": Array [],
        "gemInfo": Array [],
        "itemId": 189804,
        "itemLevel": 278,
      },
      "wrist": Object {
        "bonusIDs": Array [
          7014,
          7882,
          8156,
          6647,
          6648,
          1588,
          6935,
        ],
        "enchantInfo": Array [],
        "gemInfo": Array [
          173130,
          120,
        ],
        "itemId": 172329,
        "itemLevel": 291,
      },
    },
    "hasteMelee": "401",
    "hasteRanged": "401",
    "hasteSpell": "401",
    "intellect": "368",
    "interestingAuras": "[Player-1305-0B6D9C85,155228,Player-1305-08EB431A,21562,Player-1305-0B6D9C85,307185,Player-1305-0B6D9C85,347901]",
    "leech": "58",
    "mastery": "988",
    "parry": "0",
    "pvpTalentInfo": Array [
      "0",
      "203129",
      "213691",
      "202589",
    ],
    "sourceGuid": "Player-1305-0B6D9C85",
    "specId": "254",
    "speed": "58",
    "stamina": "3706",
    "strength": "275",
    "talentInfo": Array [
      "260309",
      "260228",
      "270581",
      "260367",
      "109215",
      "260402",
      "260243",
    ],
    "timestamp": "0",
    "versatilityDamageDone": "106",
    "versatilityDamageTaken": "106",
    "versatilityHealingDone": "106",
  },
  Object {
    "agility": "1905",
    "armor": "1054",
    "avoidance": "30",
    "block": "0",
    "borrowedPowerInfo": "[18,1,[],[(1834),(1379),(1380),(1381),(1415),(1831),(1832),(1408),(1412),(1418),(1416),(1836)],[(33,278),(37,278),(283,278),(59,278),(46,278),(57,278)]]",
    "critMelee": "852",
    "critRanged": "852",
    "critSpell": "852",
    "date": "7/31 19:39:35.921",
    "dodge": "0",
    "event": "COMBATANT_INFO",
    "faction": "0",
    "gearInfo": Object {
      "back": Object {
        "bonusIDs": Array [
          8124,
          8156,
          6647,
          6650,
          7882,
          1588,
        ],
        "enchantInfo": Array [
          6203,
          0,
          0,
        ],
        "gemInfo": Array [],
        "itemId": 173242,
        "itemLevel": 291,
      },
      "chest": Object {
        "bonusIDs": Array [
          7772,
          8116,
          6652,
          7359,
          8153,
          1498,
        ],
        "enchantInfo": Array [
          6214,
          6225,
          0,
        ],
        "gemInfo": Array [],
        "itemId": 188912,
        "itemLevel": 278,
      },
      "feet": Object {
        "bonusIDs": Array [
          7786,
          8137,
          6652,
          7359,
          1498,
        ],
        "enchantInfo": Array [
          6211,
          0,
          0,
        ],
        "gemInfo": Array [],
        "itemId": 188917,
        "itemLevel": 278,
      },
      "finger1": Object {
        "bonusIDs": Array [
          7359,
          6652,
          7798,
          1586,
          6646,
          7580,
        ],
        "enchantInfo": Array [
          6170,
          0,
          0,
        ],
        "gemInfo": Array [
          173129,
          120,
        ],
        "itemId": 178781,
        "itemLevel": 272,
      },
      "finger2": Object {
        "bonusIDs": Array [
          7359,
          6652,
          7798,
          1586,
          6646,
          7580,
        ],
        "enchantInfo": Array [
          6170,
          0,
          0,
        ],
        "gemInfo": Array [
          173129,
          120,
        ],
        "itemId": 178848,
        "itemLevel": 272,
      },
      "hands": Object {
        "bonusIDs": Array [
          7187,
          6652,
          8154,
          1498,
          6646,
        ],
        "enchantInfo": Array [],
        "gemInfo": Array [],
        "itemId": 188916,
        "itemLevel": 278,
      },
      "head": Object {
        "bonusIDs": Array [
          7772,
          8116,
          6652,
          7359,
          8151,
          1498,
          7580,
        ],
        "enchantInfo": Array [],
        "gemInfo": Array [
          173129,
          120,
        ],
        "itemId": 188910,
        "itemLevel": 278,
      },
      "legs": Object {
        "bonusIDs": Array [
          7187,
          6652,
          8155,
          1498,
          6646,
        ],
        "enchantInfo": Array [],
        "gemInfo": Array [],
        "itemId": 188911,
        "itemLevel": 278,
      },
      "main_hand": Object {
        "bonusIDs": Array [
          7814,
          7359,
          6652,
          1592,
          6646,
        ],
        "enchantInfo": Array [
          6229,
          6201,
          0,
        ],
        "gemInfo": Array [],
        "itemId": 178834,
        "itemLevel": 278,
      },
      "neck": Object {
        "bonusIDs": Array [
          7800,
          7359,
          6652,
          1595,
          6646,
          7580,
        ],
        "enchantInfo": Array [],
        "gemInfo": Array [
          173129,
          120,
        ],
        "itemId": 185820,
        "itemLevel": 278,
      },
      "off_hand": Object {
        "bonusIDs": Array [
          7359,
          41,
          7812,
          1586,
          6646,
        ],
        "enchantInfo": Array [
          6228,
          6200,
          0,
        ],
        "gemInfo": Array [],
        "itemId": 179328,
        "itemLevel": 272,
      },
      "relic": Object {
        "bonusIDs": Array [],
        "enchantInfo": Array [],
        "gemInfo": Array [],
        "itemId": 0,
        "itemLevel": 0,
      },
      "shirt": Object {
        "bonusIDs": Array [],
        "enchantInfo": Array [],
        "gemInfo": Array [],
        "itemId": 0,
        "itemLevel": 0,
      },
      "shoulder": Object {
        "bonusIDs": Array [
          7786,
          8117,
          6652,
          7359,
          8152,
          1498,
        ],
        "enchantInfo": Array [],
        "gemInfo": Array [],
        "itemId": 188914,
        "itemLevel": 278,
      },
      "trinket1": Object {
        "bonusIDs": Array [
          7786,
          7359,
          6652,
          1592,
          6646,
        ],
        "enchantInfo": Array [],
        "gemInfo": Array [],
        "itemId": 178771,
        "itemLevel": 278,
      },
      "trinket2": Object {
        "bonusIDs": Array [
          7359,
          6652,
          7784,
          1586,
          6646,
        ],
        "enchantInfo": Array [],
        "gemInfo": Array [],
        "itemId": 179331,
        "itemLevel": 272,
      },
      "waist": Object {
        "bonusIDs": Array [
          7077,
          7882,
          8156,
          6647,
          6650,
          1588,
          6935,
        ],
        "enchantInfo": Array [],
        "gemInfo": Array [
          173129,
          120,
        ],
        "itemId": 172320,
        "itemLevel": 291,
      },
      "wrist": Object {
        "bonusIDs": Array [
          7800,
          8136,
          8138,
          7359,
          6652,
          1595,
          6646,
          7580,
        ],
        "enchantInfo": Array [],
        "gemInfo": Array [
          173129,
          120,
        ],
        "itemId": 185817,
        "itemLevel": 278,
      },
    },
    "hasteMelee": "283",
    "hasteRanged": "283",
    "hasteSpell": "283",
    "intellect": "449",
    "interestingAuras": "[Player-1305-049858B6,53563,Player-1305-0C10939D,307185,Player-1305-0C10939D,308514,Player-1305-08EB431A,21562,Player-1305-0C10939D,347901]",
    "leech": "37",
    "mastery": "317",
    "parry": "0",
    "pvpTalentInfo": Array [
      "0",
      "0",
      "0",
      "0",
    ],
    "sourceGuid": "Player-1305-0C10939D",
    "specId": "268",
    "speed": "0",
    "stamina": "5097",
    "strength": "196",
    "talentInfo": Array [
      "115098",
      "116841",
      "325093",
      "116844",
      "280515",
      "116847",
      "196737",
    ],
    "timestamp": "0",
    "versatilityDamageDone": "1050",
    "versatilityDamageTaken": "1050",
    "versatilityHealingDone": "1050",
  },
  Object {
    "agility": "452",
    "armor": "1888",
    "avoidance": "51",
    "block": "0",
    "borrowedPowerInfo": "[1,3,[],[(866),(850),(859),(863),(864),(994),(995),(1840),(1010),(1837),(1838),(1842)],[(279,265),(263,265),(271,265),(255,265),(259,265),(262,265)]]",
    "critMelee": "395",
    "critRanged": "395",
    "critSpell": "395",
    "date": "7/31 19:39:35.921",
    "dodge": "0",
    "event": "COMBATANT_INFO",
    "faction": "0",
    "gearInfo": Object {
      "back": Object {
        "bonusIDs": Array [
          7800,
          8136,
          8138,
          7359,
          6652,
          1595,
          6646,
        ],
        "enchantInfo": Array [
          6204,
          0,
          0,
        ],
        "gemInfo": Array [],
        "itemId": 185781,
        "itemLevel": 278,
      },
      "chest": Object {
        "bonusIDs": Array [
          7359,
          6652,
          8153,
          7772,
          1498,
          6646,
        ],
        "enchantInfo": Array [
          6230,
          6225,
          0,
        ],
        "gemInfo": Array [],
        "itemId": 188849,
        "itemLevel": 278,
      },
      "feet": Object {
        "bonusIDs": Array [
          7786,
          8136,
          8137,
          7359,
          6652,
          1592,
          6646,
        ],
        "enchantInfo": Array [
          6211,
          0,
          0,
        ],
        "gemInfo": Array [],
        "itemId": 179352,
        "itemLevel": 278,
      },
      "finger1": Object {
        "bonusIDs": Array [
          7088,
          6649,
          6648,
          6935,
          8156,
          7882,
          1588,
        ],
        "enchantInfo": Array [
          6168,
          0,
          0,
        ],
        "gemInfo": Array [
          173130,
          120,
        ],
        "itemId": 178926,
        "itemLevel": 291,
      },
      "finger2": Object {
        "bonusIDs": Array [
          7359,
          6652,
          7798,
          1586,
          6646,
          7580,
        ],
        "enchantInfo": Array [
          6168,
          0,
          0,
        ],
        "gemInfo": Array [
          173130,
          120,
        ],
        "itemId": 178824,
        "itemLevel": 272,
      },
      "hands": Object {
        "bonusIDs": Array [
          7187,
          6652,
          8154,
          1498,
          6646,
        ],
        "enchantInfo": Array [],
        "gemInfo": Array [],
        "itemId": 188853,
        "itemLevel": 278,
      },
      "head": Object {
        "bonusIDs": Array [
          7772,
          8116,
          6652,
          7359,
          8151,
          1498,
          7580,
        ],
        "enchantInfo": Array [],
        "gemInfo": Array [
          173130,
          120,
        ],
        "itemId": 188847,
        "itemLevel": 278,
      },
      "legs": Object {
        "bonusIDs": Array [
          7772,
          8116,
          6652,
          7359,
          8155,
          1498,
        ],
        "enchantInfo": Array [],
        "gemInfo": Array [],
        "itemId": 188848,
        "itemLevel": 278,
      },
      "main_hand": Object {
        "bonusIDs": Array [
          7828,
          7359,
          6652,
          1595,
          6646,
        ],
        "enchantInfo": Array [
          6229,
          6188,
          0,
        ],
        "gemInfo": Array [],
        "itemId": 185822,
        "itemLevel": 278,
      },
      "neck": Object {
        "bonusIDs": Array [
          7187,
          40,
          1524,
          6646,
          7580,
        ],
        "enchantInfo": Array [],
        "gemInfo": Array [
          173130,
          120,
        ],
        "itemId": 189827,
        "itemLevel": 278,
      },
      "off_hand": Object {
        "bonusIDs": Array [],
        "enchantInfo": Array [],
        "gemInfo": Array [],
        "itemId": 0,
        "itemLevel": 0,
      },
      "relic": Object {
        "bonusIDs": Array [],
        "enchantInfo": Array [],
        "gemInfo": Array [],
        "itemId": 0,
        "itemLevel": 0,
      },
      "shirt": Object {
        "bonusIDs": Array [],
        "enchantInfo": Array [],
        "gemInfo": Array [],
        "itemId": 0,
        "itemLevel": 0,
      },
      "shoulder": Object {
        "bonusIDs": Array [
          8121,
          7882,
          8156,
          6648,
          6649,
          1588,
        ],
        "enchantInfo": Array [],
        "gemInfo": Array [],
        "itemId": 172319,
        "itemLevel": 291,
      },
      "trinket1": Object {
        "bonusIDs": Array [
          7359,
          6652,
          7784,
          1586,
          6646,
          6918,
        ],
        "enchantInfo": Array [],
        "gemInfo": Array [],
        "itemId": 178708,
        "itemLevel": 272,
      },
      "trinket2": Object {
        "bonusIDs": Array [
          7359,
          6652,
          7784,
          1586,
          6646,
        ],
        "enchantInfo": Array [],
        "gemInfo": Array [],
        "itemId": 179350,
        "itemLevel": 272,
      },
      "waist": Object {
        "bonusIDs": Array [
          7786,
          8136,
          8137,
          7359,
          6652,
          7580,
          1592,
          6646,
        ],
        "enchantInfo": Array [],
        "gemInfo": Array [
          173130,
          120,
        ],
        "itemId": 178823,
        "itemLevel": 278,
      },
      "wrist": Object {
        "bonusIDs": Array [
          7187,
          6652,
          7579,
          8132,
          8138,
          1524,
          6646,
        ],
        "enchantInfo": Array [
          6220,
          0,
          0,
        ],
        "gemInfo": Array [],
        "itemId": 189812,
        "itemLevel": 278,
      },
    },
    "hasteMelee": "730",
    "hasteRanged": "730",
    "hasteSpell": "730",
    "intellect": "2475",
    "interestingAuras": "[Player-1305-0B8977D1,307185,Player-1305-0B8977D1,367405,Player-1305-0B8977D1,24858,Player-1305-08EB431A,21562,Player-1305-0B8977D1,308506]",
    "leech": "30",
    "mastery": "1159",
    "parry": "0",
    "pvpTalentInfo": Array [
      "0",
      "233754",
      "209740",
      "233750",
    ],
    "sourceGuid": "Player-1305-0B8977D1",
    "specId": "102",
    "speed": "0",
    "stamina": "3757",
    "strength": "194",
    "talentInfo": Array [
      "202430",
      "252216",
      "197492",
      "319454",
      "102560",
      "202354",
      "274281",
    ],
    "timestamp": "0",
    "versatilityDamageDone": "244",
    "versatilityDamageTaken": "244",
    "versatilityHealingDone": "244",
  },
  Object {
    "_maxPower": "50",
    "_powerType": "7",
    "absorb": "0",
    "amount": "2.0000",
    "armor": "514",
    "attackPower": "297",
    "currentHp": "83240",
    "currentPower": "50000",
    "date": "7/31 19:39:36.045",
    "destFlags": "0x514",
    "destGuid": "Player-1305-0A579F87",
    "destName": "\\"Flander-Kazzak\\"",
    "destRaidFlags": "0x0",
    "event": "SPELL_ENERGIZE",
    "facing": "6.0339",
    "infoGuid": "Player-1305-0A579F87",
    "item_level": "280",
    "maxHp": "83240",
    "maxPower": "50000",
    "overEnergize": "0.0000",
    "ownerGuid": "0000000000000000",
    "positionX": "-1888.17",
    "positionY": "6742.94",
    "powerCost": "0",
    "powerType": "0",
    "sourceFlags": "0x514",
    "sourceGuid": "Player-1305-0A579F87",
    "sourceName": "\\"Flander-Kazzak\\"",
    "sourceRaidFlags": "0x0",
    "spellId": "280127",
    "spellName": "\\"Demonbolt\\"",
    "spellPower": "2500",
    "spellSchool": "0x20",
    "timestamp": "124",
    "uiMapId": "1735",
  },
  Object {
    "absorb": "0",
    "armor": "514",
    "attackPower": "297",
    "currentHp": "83240",
    "currentPower": "50000",
    "date": "7/31 19:39:36.045",
    "destFlags": "0x10a48",
    "destGuid": "Creature-0-4234-2296-27007-164406-000066BD3E",
    "destName": "\\"Shriekwing\\"",
    "destRaidFlags": "0x0",
    "event": "SPELL_CAST_SUCCESS",
    "facing": "6.0339",
    "infoGuid": "Player-1305-0A579F87",
    "item_level": "280",
    "maxHp": "83240",
    "maxPower": "50000",
    "ownerGuid": "0000000000000000",
    "positionX": "-1888.17",
    "positionY": "6742.94",
    "powerCost": "1000",
    "powerType": "0",
    "sourceFlags": "0x514",
    "sourceGuid": "Player-1305-0A579F87",
    "sourceName": "\\"Flander-Kazzak\\"",
    "sourceRaidFlags": "0x0",
    "spellId": "264178",
    "spellName": "\\"Demonbolt\\"",
    "spellPower": "2500",
    "spellSchool": "0x24",
    "timestamp": "124",
    "uiMapId": "1735",
  },
  Object {
    "auraType": "BUFF",
    "date": "7/31 19:39:36.088",
    "destFlags": "0x514",
    "destGuid": "Player-1305-0B8977D1",
    "destName": "\\"Findruid-Kazzak\\"",
    "destRaidFlags": "0x0",
    "event": "SPELL_AURA_REMOVED",
    "sourceFlags": "0x514",
    "sourceGuid": "Player-1305-0B8977D1",
    "sourceName": "\\"Findruid-Kazzak\\"",
    "sourceRaidFlags": "0x0",
    "spellId": "321527",
    "spellName": "\\"Swift Patrol\\"",
    "spellSchool": "0x8",
    "timestamp": "167",
  },
  Object {
    "absorb": "0",
    "armor": "1191",
    "attackPower": "2577",
    "currentHp": "74120",
    "currentPower": "100",
    "date": "7/31 19:39:36.134",
    "destFlags": "0x10a48",
    "destGuid": "Creature-0-4234-2296-27007-164406-000066BD3E",
    "destName": "\\"Shriekwing\\"",
    "destRaidFlags": "0x0",
    "event": "SPELL_CAST_SUCCESS",
    "facing": "5.4607",
    "infoGuid": "Player-1305-0B6D9C85",
    "item_level": "277",
    "maxHp": "74120",
    "maxPower": "100",
    "ownerGuid": "0000000000000000",
    "positionX": "-1887.82",
    "positionY": "6754.40",
    "powerCost": "40",
    "powerType": "2",
    "sourceFlags": "0x512",
    "sourceGuid": "Player-1305-0B6D9C85",
    "sourceName": "\\"Saintshunt-Kazzak\\"",
    "sourceRaidFlags": "0x0",
    "spellId": "185358",
    "spellName": "\\"Arcane Shot\\"",
    "spellPower": "368",
    "spellSchool": "0x40",
    "timestamp": "213",
    "uiMapId": "1735",
  },
  Object {
    "absorb": "0",
    "armor": "514",
    "attackPower": "297",
    "currentHp": "83240",
    "currentPower": "50",
    "date": "7/31 19:39:36.225",
    "destFlags": "0x10a48",
    "destGuid": "Creature-0-4234-2296-27007-164406-000066BD3E",
    "destName": "\\"Shriekwing\\"",
    "destRaidFlags": "0x0",
    "event": "SPELL_CAST_SUCCESS",
    "facing": "6.0339",
    "infoGuid": "Player-1305-0A579F87",
    "item_level": "280",
    "maxHp": "83240",
    "maxPower": "50",
    "ownerGuid": "0000000000000000",
    "positionX": "-1888.17",
    "positionY": "6742.94",
    "powerCost": "10",
    "powerType": "7",
    "sourceFlags": "0x514",
    "sourceGuid": "Player-1305-0A579F87",
    "sourceName": "\\"Flander-Kazzak\\"",
    "sourceRaidFlags": "0x0",
    "spellId": "111898",
    "spellName": "\\"Grimoire: Felguard\\"",
    "spellPower": "2500",
    "spellSchool": "0x20",
    "timestamp": "304",
    "uiMapId": "1735",
  },
  Object {
    "date": "7/31 19:39:36.225",
    "destFlags": "0xa28",
    "destGuid": "Creature-0-4234-2296-27007-17252-000066BE5B",
    "destName": "\\"Felguard\\"",
    "destRaidFlags": "0x0",
    "event": "SPELL_SUMMON",
    "sourceFlags": "0x514",
    "sourceGuid": "Player-1305-0A579F87",
    "sourceName": "\\"Flander-Kazzak\\"",
    "sourceRaidFlags": "0x0",
    "spellId": "111898",
    "spellName": "\\"Grimoire: Felguard\\"",
    "spellSchool": "0x20",
    "timestamp": "304",
  },
  Object {
    "absorb": "0",
    "armor": "2056",
    "attackPower": "1438",
    "currentHp": "62430",
    "currentPower": "200",
    "date": "7/31 19:39:36.236",
    "destFlags": "0x10a48",
    "destGuid": "Creature-0-4234-2296-27007-164406-000066BD3E",
    "destName": "\\"Shriekwing\\"",
    "destRaidFlags": "0x0",
    "event": "SPELL_CAST_SUCCESS",
    "facing": "5.7229",
    "infoGuid": "Creature-0-4234-2296-27007-17252-000066BE5B",
    "item_level": "280",
    "maxHp": "62430",
    "maxPower": "200",
    "ownerGuid": "Player-1305-0A579F87",
    "positionX": "-1873.63",
    "positionY": "6739.24",
    "powerCost": "0",
    "powerType": "3",
    "sourceFlags": "0x2114",
    "sourceGuid": "Creature-0-4234-2296-27007-17252-000066BE5B",
    "sourceName": "\\"Felguard\\"",
    "sourceRaidFlags": "0x0",
    "spellId": "89766",
    "spellName": "\\"Axe Toss\\"",
    "spellPower": "2875",
    "spellSchool": "0x1",
    "timestamp": "315",
    "uiMapId": "1735",
  },
  Object {
    "_maxPower": "1000",
    "_powerType": "8",
    "absorb": "0",
    "amount": "6.0000",
    "armor": "1888",
    "attackPower": "2574",
    "currentHp": "75140",
    "currentPower": "560",
    "date": "7/31 19:39:36.272",
    "destFlags": "0x514",
    "destGuid": "Player-1305-0B8977D1",
    "destName": "\\"Findruid-Kazzak\\"",
    "destRaidFlags": "0x0",
    "event": "SPELL_ENERGIZE",
    "facing": "5.3879",
    "infoGuid": "Player-1305-0B8977D1",
    "item_level": "278",
    "maxHp": "75140",
    "maxPower": "1000",
    "overEnergize": "0.0000",
    "ownerGuid": "0000000000000000",
    "positionX": "-1881.18",
    "positionY": "6752.33",
    "powerCost": "0",
    "powerType": "8",
    "sourceFlags": "0x514",
    "sourceGuid": "Player-1305-0B8977D1",
    "sourceName": "\\"Findruid-Kazzak\\"",
    "sourceRaidFlags": "0x0",
    "spellId": "190984",
    "spellName": "\\"Wrath\\"",
    "spellPower": "2475",
    "spellSchool": "0x8",
    "timestamp": "351",
    "uiMapId": "1735",
  },
  Object {
    "absorb": "0",
    "armor": "1888",
    "attackPower": "2574",
    "currentHp": "75140",
    "currentPower": "560",
    "date": "7/31 19:39:36.272",
    "destFlags": "0x10a48",
    "destGuid": "Creature-0-4234-2296-27007-164406-000066BD3E",
    "destName": "\\"Shriekwing\\"",
    "destRaidFlags": "0x0",
    "event": "SPELL_CAST_SUCCESS",
    "facing": "5.3879",
    "infoGuid": "Player-1305-0B8977D1",
    "item_level": "278",
    "maxHp": "75140",
    "maxPower": "1000",
    "ownerGuid": "0000000000000000",
    "positionX": "-1881.18",
    "positionY": "6752.33",
    "powerCost": "0",
    "powerType": "8",
    "sourceFlags": "0x514",
    "sourceGuid": "Player-1305-0B8977D1",
    "sourceName": "\\"Findruid-Kazzak\\"",
    "sourceRaidFlags": "0x0",
    "spellId": "190984",
    "spellName": "\\"Wrath\\"",
    "spellPower": "2475",
    "spellSchool": "0x8",
    "timestamp": "351",
    "uiMapId": "1735",
  },
  Object {
    "date": "7/31 19:39:36.272",
    "destFlags": "0x80000000",
    "destGuid": "0000000000000000",
    "destName": "nil",
    "destRaidFlags": "0x80000000",
    "event": "SPELL_CAST_START",
    "sourceFlags": "0x514",
    "sourceGuid": "Player-1305-0B8977D1",
    "sourceName": "\\"Findruid-Kazzak\\"",
    "sourceRaidFlags": "0x0",
    "spellId": "190984",
    "spellName": "\\"Wrath\\"",
    "spellSchool": "0x8",
    "timestamp": "351",
  },
  Object {
    "auraType": "DEBUFF",
    "date": "7/31 19:39:36.436",
    "destFlags": "0x10a48",
    "destGuid": "Creature-0-4234-2296-27007-164406-000066BD3E",
    "destName": "\\"Shriekwing\\"",
    "destRaidFlags": "0x0",
    "event": "SPELL_AURA_APPLIED",
    "sourceFlags": "0x512",
    "sourceGuid": "Player-1305-0C10939D",
    "sourceName": "\\"Iwillspin-Kazzak\\"",
    "sourceRaidFlags": "0x0",
    "spellId": "121253",
    "spellName": "\\"Keg Smash\\"",
    "spellSchool": "0x1",
    "timestamp": "515",
  },
]
`;
